Run begins at 20240408, 194029.335
 Barotropic model without ST calculation
 # of tracers in each module:           1           1           0           0           0           0           0           0           0           0           0           0
 Total # of tracers=           2
 Index ranges of each module:           1           1           2           2           3           2           3           2           3           2           3           2           3           2           3           2           3           2           3           2           3           2           3           2
 vclose_surf_frac is:   1.0000000000000000
 done reading param.nml
 lhas_quad= F
 mnei, mnei_p =            8           9
 lhas_quad= F

Global Grid Size (ne,np,ns,nvrt):       1949      1165      3114         2

**********Augmented Subdomain Sizes**********
 rank     nea      ne     neg     nea2     neg2     npa      np     npg     npa2     npg2     nsa      ns     nsg     nsa2     nsg2
    0     271     243      28     271       0     189     172      17     189       0     459     414      45     459       0
    1     299     250      49     299       0     184     159      25     184       0     481     407      74     481       0
    2     286     240      46     286       0     174     150      24     174       0     459     389      70     459       0
    3     286     250      36     286       0     187     166      21     187       0     471     414      57     471       0
    4     282     249      33     282       0     179     158      21     179       0     460     406      54     460       0
    5     289     244      45     289       0     179     157      22     179       0     466     399      67     466       0
    6     304     234      70     304       0     195     160      35     195       0     497     392     105     497       0
    7     271     239      32     271       0     162     146      16     162       0     432     384      48     432       0
 Max. dot product of 3 axes=   1.11022302E-16
 Max. deviation between ze and zs axes=   2.75502157E-06
 Max. dot prod. between ys and zs axes=   1.15667198E-12

**********Global Boundary Sizes**********
    nope    neta   nland    nvel
       1     105       1     276

**********Augmented Subdomain Boundary Sizes**********
    rank    nope    neta   nland    nvel
       0      14      21      30      73
       1       7       9      17      37
       2      10      10       8      30
       3       9      18      29      51
       4       8      23      24      38
       5      11      14      22      35
       6      13      15      20      40
       7      15      23       4      17

 Mass correction flags=           0           0           0
 Max. & min. sidelength=    53443.222921428132        415.25311140373913
 Max. pframe dev. from radial=    4.44089210E-16
 Max # of points in type II nudging=           0
 done init (1)...
 done init. tracers..
 done initializing cold start
Done initializing outputs

 get_wind: sflux_inputs
   start_year             =         2017
   start_month            =           10
   start_day              =            1
   start_hour             =    0.0000000000000000
   utc_start              =    0.0000000000000000
   start_frac_jdate       =    2458028.0000000000
   air_1_file             = sflux_air_1
   air_1_max_window_hours =    120.00000000000000
   air_1_fail_if_missing  =  T
   air_1_relative_weight  =    1.0000000000000000
   air_2_file             = sflux_air_2
   air_2_max_window_hours =    120.00000000000000
   air_2_fail_if_missing  =  F
   air_2_relative_weight  =    99.000000000000000
   uwind_name             = uwind
   vwind_name             = vwind
   prmsl_name             = prmsl
   stmp_name              = stmp
   spfh_name              = spfh

 netCDF dataset and existence: sflux_air_1 T

 getting additional info for: sflux_air_1
 num_files =            1
 num_times =            4
 first time =    2458028.0000000000
 last  time =    2458028.5416666865

 netCDF dataset and existence: sflux_air_2 F

Done initializing time history...
 done computing initial vgrid...
 done computing initial nodal vel...
 done computing initial density...
 time stepping begins...           1          65
 done adjusting wind stress ...
 done flow b.c.
 done hvis...
 done backtracking
 done 1st preparation
 done 2nd preparation
 done solver; etatot=   1.5021216161220732      ; average |eta|=   1.2893747777871873E-003
 done solving momentum eq...
 done solving w
 done solving transport equation
 done recomputing levels...
 done density and flux calculation...
TIME STEP=            1;  TIME=           400.000000
 done adjusting wind stress ...
 done flow b.c.
 done hvis...
 done backtracking
 done 1st preparation
 done 2nd preparation
 done solver; etatot=   3.8330327346208213      ; average |eta|=   3.2901568537517779E-003
 done solving momentum eq...
 done solving w
 done solving transport equation
 done recomputing levels...
 done density and flux calculation...
TIME STEP=            2;  TIME=           800.000000
 done adjusting wind stress ...
 done flow b.c.
 done hvis...
 done backtracking
 done 1st preparation
 done 2nd preparation
 done solver; etatot=   6.6462351882808770      ; average |eta|=   5.7049229083956030E-003
 done solving momentum eq...
 done solving w
 done solving transport equation
 done recomputing levels...
 done density and flux calculation...
TIME STEP=            3;  TIME=          1200.000000
 done adjusting wind stress ...
 done flow b.c.
 done hvis...
 done backtracking
 done 1st preparation
 done 2nd preparation
 done solver; etatot=   9.6926731195839881      ; average |eta|=   8.3198910897716635E-003
 done solving momentum eq...
 done solving w
 done solving transport equation
 done recomputing levels...
 done density and flux calculation...
TIME STEP=            4;  TIME=          1600.000000
 done adjusting wind stress ...
 done flow b.c.
 done hvis...
 done backtracking
 done 1st preparation
 done 2nd preparation
 done solver; etatot=   12.781109617756298      ; average |eta|=   1.0970909543138454E-002
 done solving momentum eq...
 done solving w
 done solving transport equation
 done recomputing levels...
 done density and flux calculation...
TIME STEP=            5;  TIME=          2000.000000
 done adjusting wind stress ...
 done flow b.c.
 done hvis...
 done backtracking
 done 1st preparation
 done 2nd preparation
 done solver; etatot=   15.735998182358500      ; average |eta|=   1.3507294577131760E-002
 done solving momentum eq...
 done solving w
 done solving transport equation
 done recomputing levels...
 done density and flux calculation...
TIME STEP=            6;  TIME=          2400.000000
 done adjusting wind stress ...
 done flow b.c.
 done hvis...
 done backtracking
 done 1st preparation
 done 2nd preparation
 done solver; etatot=   18.444176364803525      ; average |eta|=   1.5831911042749808E-002
 done solving momentum eq...
 done solving w
 done solving transport equation
 done recomputing levels...
 done density and flux calculation...
TIME STEP=            7;  TIME=          2800.000000
 done adjusting wind stress ...
 done flow b.c.
 done hvis...
 done backtracking
 done 1st preparation
 done 2nd preparation
 done solver; etatot=   20.801630552831746      ; average |eta|=   1.7855476869383474E-002
 done solving momentum eq...
 done solving w
 done solving transport equation
 done recomputing levels...
 done density and flux calculation...
TIME STEP=            8;  TIME=          3200.000000
 done adjusting wind stress ...
 done flow b.c.
 done hvis...
 done backtracking
 done 1st preparation
 done 2nd preparation
 done solver; etatot=   22.739986767008411      ; average |eta|=   1.9519301945929966E-002
 done solving momentum eq...
 done solving w
 done solving transport equation
 done recomputing levels...
 done density and flux calculation...
TIME STEP=            9;  TIME=          3600.000000
 done adjusting wind stress ...
 done flow b.c.
 done hvis...
 done backtracking
 done 1st preparation
 done 2nd preparation
 done solver; etatot=   24.239702763623072      ; average |eta|=   2.0806611814268731E-002
 done solving momentum eq...
 done solving w
 done solving transport equation
 done recomputing levels...
 done density and flux calculation...
TIME STEP=           10;  TIME=          4000.000000
 done adjusting wind stress ...
 done flow b.c.
 done hvis...
 done backtracking
 done 1st preparation
 done 2nd preparation
 done solver; etatot=   25.326633140969815      ; average |eta|=   2.1739599262635034E-002
 done solving momentum eq...
 done solving w
 done solving transport equation
 done recomputing levels...
 done density and flux calculation...
TIME STEP=           11;  TIME=          4400.000000
 done adjusting wind stress ...
 done flow b.c.
 done hvis...
 done backtracking
 done 1st preparation
 done 2nd preparation
 done solver; etatot=   26.049595367849136      ; average |eta|=   2.2360167697724580E-002
 done solving momentum eq...
 done solving w
 done solving transport equation
 done recomputing levels...
 done density and flux calculation...
TIME STEP=           12;  TIME=          4800.000000
 done adjusting wind stress ...
 done flow b.c.
 done hvis...
 done backtracking
 done 1st preparation
 done 2nd preparation
 done solver; etatot=   26.424086111955969      ; average |eta|=   2.2681618980219715E-002
 done solving momentum eq...
 done solving w
 done solving transport equation
 done recomputing levels...
 done density and flux calculation...
TIME STEP=           13;  TIME=          5200.000000
 done adjusting wind stress ...
 done flow b.c.
 done hvis...
 done backtracking
 done 1st preparation
 done 2nd preparation
 done solver; etatot=   26.501383076836088      ; average |eta|=   2.2747968306297071E-002
 done solving momentum eq...
 done solving w
 done solving transport equation
 done recomputing levels...
 done density and flux calculation...
TIME STEP=           14;  TIME=          5600.000000
 done adjusting wind stress ...
 done flow b.c.
 done hvis...
 done backtracking
 done 1st preparation
 done 2nd preparation
 done solver; etatot=   26.341170900651779      ; average |eta|=   2.2610447125022987E-002
 done solving momentum eq...
 done solving w
 done solving transport equation
 done recomputing levels...
 done density and flux calculation...
TIME STEP=           15;  TIME=          6000.000000
 done adjusting wind stress ...
 done flow b.c.
 done hvis...
 done backtracking
 done 1st preparation
 done 2nd preparation
 done solver; etatot=   25.999174984315268      ; average |eta|=   2.2316888398553877E-002
 done solving momentum eq...
 done solving w
 done solving transport equation
 done recomputing levels...
 done density and flux calculation...
TIME STEP=           16;  TIME=          6400.000000
 done adjusting wind stress ...
 done flow b.c.
 done hvis...
 done backtracking
 done 1st preparation
 done 2nd preparation
 done solver; etatot=   25.530347857836677      ; average |eta|=   2.1914461680546504E-002
 done solving momentum eq...
 done solving w
 done solving transport equation
 done recomputing levels...
 done density and flux calculation...
TIME STEP=           17;  TIME=          6800.000000
 done adjusting wind stress ...
 done flow b.c.
 done hvis...
 done backtracking
 done 1st preparation
 done 2nd preparation
 done solver; etatot=   24.969713839431030      ; average |eta|=   2.1433230763460112E-002
 done solving momentum eq...
 done solving w
 done solving transport equation
 done recomputing levels...
 done density and flux calculation...
TIME STEP=           18;  TIME=          7200.000000
 done adjusting wind stress ...
 done flow b.c.
 done hvis...
 done backtracking
 done 1st preparation
 done 2nd preparation
 done solver; etatot=   24.349701977006529      ; average |eta|=   2.0901031739919768E-002
 done solving momentum eq...
 done solving w
 done solving transport equation
 done recomputing levels...
 done density and flux calculation...
TIME STEP=           19;  TIME=          7600.000000
 done adjusting wind stress ...
 done flow b.c.
 done hvis...
 done backtracking
 done 1st preparation
 done 2nd preparation
 done solver; etatot=   23.721541552350860      ; average |eta|=   2.0361838242361253E-002
 done solving momentum eq...
 done solving w
 done solving transport equation
 done recomputing levels...
 done density and flux calculation...
TIME STEP=           20;  TIME=          8000.000000
 done adjusting wind stress ...
 done flow b.c.
 done hvis...
 done backtracking
 done 1st preparation
 done 2nd preparation
 done solver; etatot=   23.073780278975793      ; average |eta|=   1.9805819981953469E-002
 done solving momentum eq...
 done solving w
 done solving transport equation
 done recomputing levels...
 done density and flux calculation...
TIME STEP=           21;  TIME=          8400.000000
 done adjusting wind stress ...
 done flow b.c.
 done hvis...
 done backtracking
 done 1st preparation
 done 2nd preparation
 done solver; etatot=   22.377638723726633      ; average |eta|=   1.9208273582597968E-002
 done solving momentum eq...
 done solving w
 done solving transport equation
 done recomputing levels...
 done density and flux calculation...
TIME STEP=           22;  TIME=          8800.000000
 done adjusting wind stress ...
 done flow b.c.
 done hvis...
 done backtracking
 done 1st preparation
 done 2nd preparation
 done solver; etatot=   21.627558857085535      ; average |eta|=   1.8564428203506896E-002
 done solving momentum eq...
 done solving w
 done solving transport equation
 done recomputing levels...
 done density and flux calculation...
TIME STEP=           23;  TIME=          9200.000000
 done adjusting wind stress ...
 done flow b.c.
 done hvis...
 done backtracking
 done 1st preparation
 done 2nd preparation
 done solver; etatot=   20.845067379271807      ; average |eta|=   1.7892761698945756E-002
 done solving momentum eq...
 done solving w
 done solving transport equation
 done recomputing levels...
 done density and flux calculation...
TIME STEP=           24;  TIME=          9600.000000
 done adjusting wind stress ...
 done flow b.c.
 done hvis...
 done backtracking
 done 1st preparation
 done 2nd preparation
 done solver; etatot=   20.040496864390228      ; average |eta|=   1.7202143231236248E-002
 done solving momentum eq...
 done solving w
 done solving transport equation
 done recomputing levels...
 done density and flux calculation...
TIME STEP=           25;  TIME=         10000.000000
 done adjusting wind stress ...
 done flow b.c.
 done hvis...
 done backtracking
 done 1st preparation
 done 2nd preparation
 done solver; etatot=   19.222582852269831      ; average |eta|=   1.6500071117828179E-002
 done solving momentum eq...
 done solving w
 done solving transport equation
 done recomputing levels...
 done density and flux calculation...
TIME STEP=           26;  TIME=         10400.000000
 done adjusting wind stress ...
 done flow b.c.
 done hvis...
 done backtracking
 done 1st preparation
 done 2nd preparation
 done solver; etatot=   18.392371532145869      ; average |eta|=   1.5787443375232506E-002
 done solving momentum eq...
 done solving w
 done solving transport equation
 done recomputing levels...
 done density and flux calculation...
TIME STEP=           27;  TIME=         10800.000000
 done adjusting wind stress ...
 done flow b.c.
 done hvis...
 done backtracking
 done 1st preparation
 done 2nd preparation
 done solver; etatot=   17.603979050889933      ; average |eta|=   1.5110711631665179E-002
 done solving momentum eq...
 done solving w
 done solving transport equation
 done recomputing levels...
 done density and flux calculation...
TIME STEP=           28;  TIME=         11200.000000
 done adjusting wind stress ...
 done flow b.c.
 done hvis...
 done backtracking
 done 1st preparation
 done 2nd preparation
 done solver; etatot=   16.825845961246397      ; average |eta|=   1.4442786232829526E-002
 done solving momentum eq...
 done solving w
 done solving transport equation
 done recomputing levels...
 done density and flux calculation...
TIME STEP=           29;  TIME=         11600.000000
 done adjusting wind stress ...
 done flow b.c.
 done hvis...
 done backtracking
 done 1st preparation
 done 2nd preparation
 done solver; etatot=   16.045957032555094      ; average |eta|=   1.3773353676012956E-002
 done solving momentum eq...
 done solving w
 done solving transport equation
 done recomputing levels...
 done density and flux calculation...
TIME STEP=           30;  TIME=         12000.000000
 done adjusting wind stress ...
 done flow b.c.
 done hvis...
 done backtracking
 done 1st preparation
 done 2nd preparation
 done solver; etatot=   15.282529574142210      ; average |eta|=   1.3118051136602756E-002
 done solving momentum eq...
 done solving w
 done solving transport equation
 done recomputing levels...
 done density and flux calculation...
TIME STEP=           31;  TIME=         12400.000000
 done adjusting wind stress ...
 done flow b.c.
 done hvis...
 done backtracking
 done 1st preparation
 done 2nd preparation
 done solver; etatot=   14.563137766499054      ; average |eta|=   1.2500547439054982E-002
 done solving momentum eq...
 done solving w
 done solving transport equation
 done recomputing levels...
 done density and flux calculation...
TIME STEP=           32;  TIME=         12800.000000
 done adjusting wind stress ...
 done flow b.c.
 done hvis...
 done backtracking
 done 1st preparation
 done 2nd preparation
 done solver; etatot=   13.911463453019358      ; average |eta|=   1.1941170345939363E-002
 done solving momentum eq...
 done solving w
 done solving transport equation
 done recomputing levels...
 done density and flux calculation...
TIME STEP=           33;  TIME=         13200.000000
 done adjusting wind stress ...
 done flow b.c.
 done hvis...
 done backtracking
 done 1st preparation
 done 2nd preparation
 done solver; etatot=   13.505000323732178      ; average |eta|=   1.1592274955993286E-002
 done solving momentum eq...
 done solving w
 done solving transport equation
 done recomputing levels...
 done density and flux calculation...
TIME STEP=           34;  TIME=         13600.000000
 done adjusting wind stress ...
 done flow b.c.
 done hvis...
 done backtracking
 done 1st preparation
 done 2nd preparation
 done solver; etatot=   13.541092035791966      ; average |eta|=   1.1623254966345035E-002
 done solving momentum eq...
 done solving w
 done solving transport equation
 done recomputing levels...
 done density and flux calculation...
TIME STEP=           35;  TIME=         14000.000000
 done adjusting wind stress ...
 done flow b.c.
 done hvis...
 done backtracking
 done 1st preparation
 done 2nd preparation
 done solver; etatot=   13.702075664806916      ; average |eta|=   1.1761438338890057E-002
 done solving momentum eq...
 done solving w
 done solving transport equation
 done recomputing levels...
 done density and flux calculation...
TIME STEP=           36;  TIME=         14400.000000
 done adjusting wind stress ...
 done flow b.c.
 done hvis...
 done backtracking
 done 1st preparation
 done 2nd preparation
 done solver; etatot=   13.916116806020916      ; average |eta|=   1.1945164640361302E-002
 done solving momentum eq...
 done solving w
 done solving transport equation
 done recomputing levels...
 done density and flux calculation...
TIME STEP=           37;  TIME=         14800.000000
 done adjusting wind stress ...
 done flow b.c.
 done hvis...
 done backtracking
 done 1st preparation
 done 2nd preparation
 done solver; etatot=   14.161394782936284      ; average |eta|=   1.2155703676340158E-002
 done solving momentum eq...
 done solving w
 done solving transport equation
 done recomputing levels...
 done density and flux calculation...
TIME STEP=           38;  TIME=         15200.000000
 done adjusting wind stress ...
 done flow b.c.
 done hvis...
 done backtracking
 done 1st preparation
 done 2nd preparation
 done solver; etatot=   14.396958761874100      ; average |eta|=   1.2357904516630129E-002
 done solving momentum eq...
 done solving w
 done solving transport equation
 done recomputing levels...
 done density and flux calculation...
TIME STEP=           39;  TIME=         15600.000000
 done adjusting wind stress ...
 done flow b.c.
 done hvis...
 done backtracking
 done 1st preparation
 done 2nd preparation
 done solver; etatot=   14.619879022160365      ; average |eta|=   1.2549252379536795E-002
 done solving momentum eq...
 done solving w
 done solving transport equation
 done recomputing levels...
 done density and flux calculation...
TIME STEP=           40;  TIME=         16000.000000
 done adjusting wind stress ...
 done flow b.c.
 done hvis...
 done backtracking
 done 1st preparation
 done 2nd preparation
 done solver; etatot=   14.819703296500883      ; average |eta|=   1.2720775361803332E-002
 done solving momentum eq...
 done solving w
 done solving transport equation
 done recomputing levels...
 done density and flux calculation...
TIME STEP=           41;  TIME=         16400.000000
 done adjusting wind stress ...
 done flow b.c.
 done hvis...
 done backtracking
 done 1st preparation
 done 2nd preparation
 done solver; etatot=   15.005675158062239      ; average |eta|=   1.2880407860997631E-002
 done solving momentum eq...
 done solving w
 done solving transport equation
 done recomputing levels...
 done density and flux calculation...
TIME STEP=           42;  TIME=         16800.000000
 done adjusting wind stress ...
 done flow b.c.
 done hvis...
 done backtracking
 done 1st preparation
 done 2nd preparation
 done solver; etatot=   15.178493836554818      ; average |eta|=   1.3028750074295981E-002
 done solving momentum eq...
 done solving w
 done solving transport equation
 done recomputing levels...
 done density and flux calculation...
TIME STEP=           43;  TIME=         17200.000000
 done adjusting wind stress ...
 done flow b.c.
 done hvis...
 done backtracking
 done 1st preparation
 done 2nd preparation
 done solver; etatot=   15.372164399477883      ; average |eta|=   1.3194990900839384E-002
 done solving momentum eq...
 done solving w
 done solving transport equation
 done recomputing levels...
 done density and flux calculation...
TIME STEP=           44;  TIME=         17600.000000
 done adjusting wind stress ...
 done flow b.c.
 done hvis...
 done backtracking
 done 1st preparation
 done 2nd preparation
 done solver; etatot=   15.631106219346599      ; average |eta|=   1.3417258557379054E-002
 done solving momentum eq...
 done solving w
 done solving transport equation
 done recomputing levels...
 done density and flux calculation...
TIME STEP=           45;  TIME=         18000.000000
 done adjusting wind stress ...
 done flow b.c.
 done hvis...
 done backtracking
 done 1st preparation
 done 2nd preparation
 done solver; etatot=   16.156996805429536      ; average |eta|=   1.3868666785776425E-002
 done solving momentum eq...
 done solving w
 done solving transport equation
 done recomputing levels...
 done density and flux calculation...
TIME STEP=           46;  TIME=         18400.000000
 done adjusting wind stress ...
 done flow b.c.
 done hvis...
 done backtracking
 done 1st preparation
 done 2nd preparation
 done solver; etatot=   16.750698201876702      ; average |eta|=   1.4378281718349100E-002
 done solving momentum eq...
 done solving w
 done solving transport equation
 done recomputing levels...
 done density and flux calculation...
TIME STEP=           47;  TIME=         18800.000000
 done adjusting wind stress ...
 done flow b.c.
 done hvis...
 done backtracking
 done 1st preparation
 done 2nd preparation
 done solver; etatot=   17.350084070447419      ; average |eta|=   1.4892776026135124E-002
 done solving momentum eq...
 done solving w
 done solving transport equation
 done recomputing levels...
 done density and flux calculation...
TIME STEP=           48;  TIME=         19200.000000
 done adjusting wind stress ...
 done flow b.c.
 done hvis...
 done backtracking
 done 1st preparation
 done 2nd preparation
 done solver; etatot=   17.946886256047083      ; average |eta|=   1.5405052580297925E-002
 done solving momentum eq...
 done solving w
 done solving transport equation
 done recomputing levels...
 done density and flux calculation...
TIME STEP=           49;  TIME=         19600.000000
 done adjusting wind stress ...
 done flow b.c.
 done hvis...
 done backtracking
 done 1st preparation
 done 2nd preparation
 done solver; etatot=   18.545171345658147      ; average |eta|=   1.5918602013440471E-002
 done solving momentum eq...
 done solving w
 done solving transport equation
 done recomputing levels...
 done density and flux calculation...
TIME STEP=           50;  TIME=         20000.000000
 done adjusting wind stress ...
 done flow b.c.
 done hvis...
 done backtracking
 done 1st preparation
 done 2nd preparation
 done solver; etatot=   19.087560394164008      ; average |eta|=   1.6384172012157947E-002
 done solving momentum eq...
 done solving w
 done solving transport equation
 done recomputing levels...
 done density and flux calculation...
TIME STEP=           51;  TIME=         20400.000000
 done adjusting wind stress ...
 done flow b.c.
 done hvis...
 done backtracking
 done 1st preparation
 done 2nd preparation
 done solver; etatot=   19.618457272079766      ; average |eta|=   1.6839877486763747E-002
 done solving momentum eq...
 done solving w
 done solving transport equation
 done recomputing levels...
 done density and flux calculation...
TIME STEP=           52;  TIME=         20800.000000
 done adjusting wind stress ...
 done flow b.c.
 done hvis...
 done backtracking
 done 1st preparation
 done 2nd preparation
 done solver; etatot=   20.068734844672541      ; average |eta|=   1.7226381840920638E-002
 done solving momentum eq...
 done solving w
 done solving transport equation
 done recomputing levels...
 done density and flux calculation...
TIME STEP=           53;  TIME=         21200.000000
 done adjusting wind stress ...
 done flow b.c.
 done hvis...
 done backtracking
 done 1st preparation
 done 2nd preparation
 done solver; etatot=   20.478894032001293      ; average |eta|=   1.7578449812876647E-002
 done solving momentum eq...
 done solving w
 done solving transport equation
 done recomputing levels...
 done density and flux calculation...
TIME STEP=           54;  TIME=         21600.000000
 done adjusting wind stress ...
 done flow b.c.
 done hvis...
 done backtracking
 done 1st preparation
 done 2nd preparation
 done solver; etatot=   20.793259506096135      ; average |eta|=   1.7848291421541748E-002
 done solving momentum eq...
 done solving w
 done solving transport equation
 done recomputing levels...
 done density and flux calculation...
TIME STEP=           55;  TIME=         22000.000000
 done adjusting wind stress ...
 done flow b.c.
 done hvis...
 done backtracking
 done 1st preparation
 done 2nd preparation
 done solver; etatot=   21.053213092910180      ; average |eta|=   1.8071427547562385E-002
 done solving momentum eq...
 done solving w
 done solving transport equation
 done recomputing levels...
 done density and flux calculation...
TIME STEP=           56;  TIME=         22400.000000
 done adjusting wind stress ...
 done flow b.c.
 done hvis...
 done backtracking
 done 1st preparation
 done 2nd preparation
 done solver; etatot=   21.206126992609370      ; average |eta|=   1.8202684113827784E-002
 done solving momentum eq...
 done solving w
 done solving transport equation
 done recomputing levels...
 done density and flux calculation...
TIME STEP=           57;  TIME=         22800.000000
 done adjusting wind stress ...
 done flow b.c.
 done hvis...
 done backtracking
 done 1st preparation
 done 2nd preparation
 done solver; etatot=   21.285723168011685      ; average |eta|=   1.8271007011168829E-002
 done solving momentum eq...
 done solving w
 done solving transport equation
 done recomputing levels...
 done density and flux calculation...
TIME STEP=           58;  TIME=         23200.000000
 done adjusting wind stress ...
 done flow b.c.
 done hvis...
 done backtracking
 done 1st preparation
 done 2nd preparation
 done solver; etatot=   21.290351702277114      ; average |eta|=   1.8274980001954603E-002
 done solving momentum eq...
 done solving w
 done solving transport equation
 done recomputing levels...
 done density and flux calculation...
TIME STEP=           59;  TIME=         23600.000000
 done adjusting wind stress ...
 done flow b.c.
 done hvis...
 done backtracking
 done 1st preparation
 done 2nd preparation
 done solver; etatot=   21.222631638795448      ; average |eta|=   1.8216851192099096E-002
 done solving momentum eq...
 done solving w
 done solving transport equation
 done recomputing levels...
 done density and flux calculation...
TIME STEP=           60;  TIME=         24000.000000
 done adjusting wind stress ...
 done flow b.c.
 done hvis...
 done backtracking
 done 1st preparation
 done 2nd preparation
 done solver; etatot=   21.109145356184783      ; average |eta|=   1.8119438073978353E-002
 done solving momentum eq...
 done solving w
 done solving transport equation
 done recomputing levels...
 done density and flux calculation...
TIME STEP=           61;  TIME=         24400.000000
 done adjusting wind stress ...
 done flow b.c.
 done hvis...
 done backtracking
 done 1st preparation
 done 2nd preparation
 done solver; etatot=   20.913200360014798      ; average |eta|=   1.7951244944218712E-002
 done solving momentum eq...
 done solving w
 done solving transport equation
 done recomputing levels...
 done density and flux calculation...
TIME STEP=           62;  TIME=         24800.000000
 done adjusting wind stress ...
 done flow b.c.
 done hvis...
 done backtracking
 done 1st preparation
 done 2nd preparation
 done solver; etatot=   20.695213606489485      ; average |eta|=   1.7764131851063937E-002
 done solving momentum eq...
 done solving w
 done solving transport equation
 done recomputing levels...
 done density and flux calculation...
TIME STEP=           63;  TIME=         25200.000000
 done adjusting wind stress ...
 done flow b.c.
 done hvis...
 done backtracking
 done 1st preparation
 done 2nd preparation
 done solver; etatot=   20.454698498950272      ; average |eta|=   1.7557681114978775E-002
 done solving momentum eq...
 done solving w
 done solving transport equation
 done recomputing levels...
 done density and flux calculation...
TIME STEP=           64;  TIME=         25600.000000
 done adjusting wind stress ...
 done flow b.c.
 done hvis...
 done backtracking
 done 1st preparation
 done 2nd preparation
 done solver; etatot=   20.205090350168501      ; average |eta|=   1.7343425193277685E-002
 done solving momentum eq...
 done solving w
 done solving transport equation
 done recomputing levels...
 done density and flux calculation...
TIME STEP=           65;  TIME=         26000.000000

Run completed successfully at 20240408, 194030.058
